
[TESTING] Prefix: "axle-", Client: "openclaw-macos"
[CHALLENGE] ts: 1775584153603, Signing...
